// Jest Snapshot v1, https://goo.gl/fbAQLP

exports[`Hero renders correctly 1`] = `
.c4 {
  width: auto;
  min-width: 64px;
  height: 36px;
  padding: 6px 16px;
  box-shadow: none;
  font-size: 0.875rem;
  font-weight: 400;
  line-height: 1.5;
  background: #a82827;
  color: #ffffff;
  text-transform: none;
}

.c4:hover {
  background: #d95857;
}

.c4:active {
  background: #b72c2a;
  box-shadow: none;
}

.c4:focus {
  background: #b72c2a;
}

.c1 {
  display: -webkit-box;
  display: -webkit-flex;
  display: -ms-flexbox;
  display: flex;
  -webkit-flex-direction: column;
  -ms-flex-direction: column;
  flex-direction: column;
  -webkit-box-pack: end;
  -webkit-justify-content: flex-end;
  -ms-flex-pack: end;
  justify-content: flex-end;
  padding: 48px 48px 72px 109px;
  width: 44%;
}

.c1 button {
  margin-top: 24px;
}

.c6 {
  height: 100%;
  background-image: url();
  background-position: center;
  background-repeat: no-repeat;
  background-size: cover;
}

.c5 {
  width: 56%;
}

.c2 {
  font-size: 48px;
  font-style: normal;
  font-weight: 300;
  line-height: 77px;
  -webkit-letter-spacing: 0px;
  -moz-letter-spacing: 0px;
  -ms-letter-spacing: 0px;
  letter-spacing: 0px;
  text-align: left;
  width: -webkit-max-content;
  width: -moz-max-content;
  width: max-content;
  position: relative;
  z-index: 1;
}

.c3 {
  font-size: 48px;
  font-style: normal;
  font-weight: 300;
  line-height: 77px;
  -webkit-letter-spacing: 0px;
  -moz-letter-spacing: 0px;
  -ms-letter-spacing: 0px;
  letter-spacing: 0px;
  text-align: left;
  width: -webkit-max-content;
  width: -moz-max-content;
  width: max-content;
  position: relative;
  z-index: 1;
  white-space: nowrap;
}

.c3::before {
  content: "";
  height: 100%;
  background: #fde7e7;
  position: absolute;
  top: 0;
  bottom: 0;
  left: -100vw;
  right: -20px;
  z-index: -1;
}

.c0 {
  display: -webkit-box;
  display: -webkit-flex;
  display: -ms-flexbox;
  display: flex;
  position: relative;
  height: 515px;
  max-width: 100vw;
}

@media (max-width:800px) {
  .c1 {
    width: 100%;
    -webkit-align-items: center;
    -webkit-box-align: center;
    -ms-flex-align: center;
    align-items: center;
    -webkit-box-pack: center;
    -webkit-justify-content: center;
    -ms-flex-pack: center;
    justify-content: center;
    padding: 16px;
  }
}

@media (max-width:800px) {
  .c5 {
    width: 0%;
  }
}

@media (max-width:1373px) {
  .c2 {
    font-size: 40px;
  }
}

@media (max-width:1204px) {
  .c2 {
    font-size: 28px;
  }
}

@media (max-width:1078px) {
  .c2 {
    font-size: 32px;
  }
}

@media (max-width:1373px) {
  .c3 {
    font-size: 40px;
  }
}

@media (max-width:1204px) {
  .c3 {
    font-size: 28px;
  }
}

@media (max-width:1078px) {
  .c3 {
    font-size: 32px;
  }
}

@media (max-width:800px) {
  .c3::before {
    right: -20px;
  }
}

@media (max-width:800px) {
  .c0 {
    height: auto;
  }
}

<div>
  <div
    class="c0"
  >
    <div
      class="c1"
    >
      <div>
        <p
          class="c2"
        >
          Lorem ipsum dolor piscing
        </p>
        <p
          class="c2"
        >
          sit amet, consectetur
        </p>
        <p
          class="c3"
        >
          adipiscing elit
        </p>
        <button
          class="MuiButtonBase-root MuiButton-root MuiButton-text c4"
          tabindex="0"
          type="button"
          variation="primary"
        >
          <span
            class="MuiButton-label"
          >
            Teste grátis por 30 dias
          </span>
          <span
            class="MuiTouchRipple-root"
          />
        </button>
      </div>
    </div>
    <div
      class="c5"
    >
      <div
        class="c6"
      />
    </div>
  </div>
</div>
`;

exports[`Hero renders correctly with marked=true 1`] = `
.c4 {
  width: auto;
  min-width: 64px;
  height: 36px;
  padding: 6px 16px;
  box-shadow: none;
  font-size: 0.875rem;
  font-weight: 400;
  line-height: 1.5;
  background: #a82827;
  color: #ffffff;
  text-transform: none;
}

.c4:hover {
  background: #d95857;
}

.c4:active {
  background: #b72c2a;
  box-shadow: none;
}

.c4:focus {
  background: #b72c2a;
}

.c1 {
  display: -webkit-box;
  display: -webkit-flex;
  display: -ms-flexbox;
  display: flex;
  -webkit-flex-direction: column;
  -ms-flex-direction: column;
  flex-direction: column;
  -webkit-box-pack: end;
  -webkit-justify-content: flex-end;
  -ms-flex-pack: end;
  justify-content: flex-end;
  padding: 48px 48px 72px 109px;
  width: 44%;
}

.c1 button {
  margin-top: 24px;
}

.c6 {
  height: 100%;
  background-image: url();
  background-position: center;
  background-repeat: no-repeat;
  background-size: cover;
}

.c5 {
  width: 56%;
}

.c2 {
  font-size: 48px;
  font-style: normal;
  font-weight: 300;
  line-height: 77px;
  -webkit-letter-spacing: 0px;
  -moz-letter-spacing: 0px;
  -ms-letter-spacing: 0px;
  letter-spacing: 0px;
  text-align: left;
  width: -webkit-max-content;
  width: -moz-max-content;
  width: max-content;
  position: relative;
  z-index: 1;
}

.c3 {
  font-size: 48px;
  font-style: normal;
  font-weight: 300;
  line-height: 77px;
  -webkit-letter-spacing: 0px;
  -moz-letter-spacing: 0px;
  -ms-letter-spacing: 0px;
  letter-spacing: 0px;
  text-align: left;
  width: -webkit-max-content;
  width: -moz-max-content;
  width: max-content;
  position: relative;
  z-index: 1;
  white-space: nowrap;
}

.c3::before {
  content: "";
  height: 100%;
  background: #fde7e7;
  position: absolute;
  top: 0;
  bottom: 0;
  left: -100vw;
  right: -20px;
  z-index: -1;
}

.c0 {
  display: -webkit-box;
  display: -webkit-flex;
  display: -ms-flexbox;
  display: flex;
  position: relative;
  height: 515px;
  max-width: 100vw;
}

@media (max-width:800px) {
  .c1 {
    width: 100%;
    -webkit-align-items: center;
    -webkit-box-align: center;
    -ms-flex-align: center;
    align-items: center;
    -webkit-box-pack: center;
    -webkit-justify-content: center;
    -ms-flex-pack: center;
    justify-content: center;
    padding: 16px;
  }
}

@media (max-width:800px) {
  .c5 {
    width: 0%;
  }
}

@media (max-width:1373px) {
  .c2 {
    font-size: 40px;
  }
}

@media (max-width:1204px) {
  .c2 {
    font-size: 28px;
  }
}

@media (max-width:1078px) {
  .c2 {
    font-size: 32px;
  }
}

@media (max-width:1373px) {
  .c3 {
    font-size: 40px;
  }
}

@media (max-width:1204px) {
  .c3 {
    font-size: 28px;
  }
}

@media (max-width:1078px) {
  .c3 {
    font-size: 32px;
  }
}

@media (max-width:800px) {
  .c3::before {
    right: -20px;
  }
}

@media (max-width:800px) {
  .c0 {
    height: auto;
  }
}

<div>
  <div
    class="c0"
  >
    <div
      class="c1"
    >
      <div>
        <p
          class="c2"
        >
          Lorem ipsum dolor piscing
        </p>
        <p
          class="c2"
        >
          sit amet, consectetur
        </p>
        <p
          class="c3"
        >
          adipiscing elit
        </p>
        <button
          class="MuiButtonBase-root MuiButton-root MuiButton-text c4"
          tabindex="0"
          type="button"
          variation="primary"
        >
          <span
            class="MuiButton-label"
          >
            Teste grátis por 30 dias
          </span>
          <span
            class="MuiTouchRipple-root"
          />
        </button>
      </div>
    </div>
    <div
      class="c5"
    >
      <div
        class="c6"
      />
    </div>
  </div>
</div>
`;
